// Jest Snapshot v1, https://goo.gl/fbAQLP

exports[`renders correctly 1`] = `
<form
  onSubmit={[Function]}
>
  <input
    name="username"
    onChange={[Function]}
    type="text"
    value=""
  />
  <input
    name="password"
    onChange={[Function]}
    type="password"
    value=""
  />
  <button
    type="submit"
  >
    login
  </button>
</form>
`;
